
Allocating common symbols
Common symbol       size              file

netbufpool          0x4               binaries/net.o
readylist           0x2               binaries/ready.o
rfltab              0x5a0             binaries/rflinit.o
netportseed         0x8               binaries/net.o
sleepq              0x2               binaries/clkinit.o
nnames              0x4               binaries/naminit.o
udptab              0x168             binaries/udp.o
minheap             0x4               binaries/meminit.o
marks               0x50              binaries/mark.o
currpid             0x4               binaries/initialize.o
Lf_data             0x20c             binaries/lfsinit.o
porttab             0x2d0             binaries/ptinit.o
girmask             0x2               binaries/evec.o
ttytab              0x110             binaries/ttyinit.o
proctab             0x47e0            binaries/initialize.o
prcount             0x4               binaries/initialize.o
lfltab              0xf00             binaries/lflinit.o
rdstab              0x8c              binaries/rdsinit.o
ethertab            0x130             binaries/ethinit.o
NetData             0xb0              binaries/net.o
nmarks              0x4               binaries/mark.o
initsp              0x4               binaries/i386.o
Defer               0x8               binaries/resched.o
semtab              0x4b0             binaries/initialize.o
maxheap             0x4               binaries/meminit.o
preempt             0x4               binaries/clkinit.o
readylist_user      0x2               binaries/ready.o
buftab              0xf0              binaries/bufinit.o
Rf_data             0x18              binaries/rfsinit.o
mkmutex             0x4               binaries/mark.o
clktime             0x4               binaries/clkinit.o
arpcache            0x140             binaries/arp.o
icmptab             0x230             binaries/icmp.o
nbpools             0x4               binaries/bufinit.o
queuetab            0x990             binaries/queue.o
ptnextid            0x4               binaries/ptinit.o
Ram                 0x19000           binaries/raminit.o
ipoqueue            0x2c              binaries/ip.o
memlist             0x8               binaries/initialize.o
nametab             0x19a0            binaries/naminit.o
ptfree              0x4               binaries/ptinit.o

Memory Configuration

Name             Origin             Length             Attributes
*default*        0x0000000000000000 0xffffffffffffffff

Linker script and memory map

                0x0000000000100000                physbase = 0x100000
                0x0000000000100000                . = physbase
                0x0000000000100000                . = ALIGN (0x1000)

.text           0x0000000000100000    0x1e000
                0x0000000000100000                text = ABSOLUTE (.)
 *(.text .text.*)
 .text          0x0000000000100000      0x165 binaries/start.o
                0x0000000000100020                entry
                0x000000000010003d                start
                0x00000000001000a5                inb
                0x00000000001000ad                inw
                0x00000000001000b6                inl
                0x00000000001000be                outb
                0x00000000001000c8                outw
                0x00000000001000d3                outl
                0x00000000001000dd                _rtcin
                0x00000000001000e8                ___udivsi3
                0x00000000001000f3                ___divsi3
                0x00000000001000ff                sbzero
                0x000000000010010f                bcopy
                0x0000000000100123                insw
                0x0000000000100139                outsw
                0x000000000010014f                lidt
                0x0000000000100157                jumptocode
                0x000000000010015e                jumptobootcode
 .text          0x0000000000100165      0x3e3 binaries/ascdate.o
                0x0000000000100165                ascdate
 .text          0x0000000000100548       0x14 binaries/bufinit.o
                0x0000000000100548                bufinit
 .text          0x000000000010055c       0x95 binaries/chprio.o
                0x000000000010055c                chprio
 .text          0x00000000001005f1      0x1e0 binaries/clkhandler.o
                0x00000000001005f1                clkhandler
 .text          0x00000000001007d1       0x7e binaries/clkinit.o
                0x00000000001007d1                clkinit
 .text          0x000000000010084f       0x75 binaries/close.o
                0x000000000010084f                close
 .text          0x00000000001008c4        0x0 binaries/conf.o
 .text          0x00000000001008c4       0x7b binaries/control.o
                0x00000000001008c4                control
 .text          0x000000000010093f      0xa16 binaries/create.o
                0x000000000010093f                create
                0x0000000000100e12                newpid
                0x0000000000100e84                create_user_process
 .text          0x0000000000101355      0x35f binaries/evec.o
                0x0000000000101355                initevec
                0x00000000001013ac                set_evec
                0x000000000010144e                trap
 .text          0x00000000001016b4       0x6a binaries/execution.o
                0x00000000001016b4                burst_execution
 .text          0x000000000010171e       0x19 binaries/exit.o
                0x000000000010171e                exit
 .text          0x0000000000101737      0x35f binaries/fork.o
                0x0000000000101737                fork
 .text          0x0000000000101a96       0x8c binaries/freebuf.o
                0x0000000000101a96                freebuf
 .text          0x0000000000101b22      0x172 binaries/freemem.o
                0x0000000000101b22                freemem
 .text          0x0000000000101c94       0x8a binaries/getbuf.o
                0x0000000000101c94                getbuf
 .text          0x0000000000101d1e       0x75 binaries/getc.o
                0x0000000000101d1e                getc
 .text          0x0000000000101d93       0x74 binaries/getdev.o
                0x0000000000101d93                getdev
 .text          0x0000000000101e07       0xd0 binaries/getitem.o
                0x0000000000101e07                getfirst
                0x0000000000101e4c                getlast
                0x0000000000101e93                getitem
 .text          0x0000000000101ed7      0x10a binaries/getmem.o
                0x0000000000101ed7                getmem
 .text          0x0000000000101fe1        0xa binaries/getpid.o
                0x0000000000101fe1                getpid
 .text          0x0000000000101feb       0x7d binaries/getprio.o
                0x0000000000101feb                getprio
 .text          0x0000000000102068       0xfb binaries/getstk.o
                0x0000000000102068                getstk
 .text          0x0000000000102163       0x16 binaries/getticks.o
                0x0000000000102163                getticks
 .text          0x0000000000102179       0x3a binaries/gettime.o
                0x0000000000102179                gettime
 .text          0x00000000001021b3      0x1ea binaries/getutime.o
                0x00000000001021b3                getutime
 .text          0x000000000010239d      0x3c5 binaries/i386.o
                0x000000000010239d                setsegs
                0x00000000001024af                init8259
                0x0000000000102561                pseg
                0x0000000000102709                setirmask
 .text          0x0000000000102762       0x75 binaries/init.o
                0x0000000000102762                init
 .text          0x00000000001027d7      0x501 binaries/initialize.o
                0x00000000001027d7                nulluser
                0x0000000000102c7f                stop
                0x0000000000102caa                delay
 .text          0x0000000000102cd8      0x1d5 binaries/insert.o
                0x0000000000102cd8                insert
                0x0000000000102db6                insert_user
 .text          0x0000000000102ead      0x110 binaries/insertd.o
                0x0000000000102ead                insertd
 .text          0x0000000000102fbd        0xa binaries/ioerr.o
                0x0000000000102fbd                ioerr
 .text          0x0000000000102fc7        0xa binaries/ionull.o
                0x0000000000102fc7                ionull
 .text          0x0000000000102fd1      0x345 binaries/kill.o
                0x0000000000102fd1                kill
 .text          0x0000000000103316      0x14e binaries/kprintf.o
                0x0000000000103316                kputc
                0x00000000001033a9                kgetc
                0x000000000010343a                kprintf
 .text          0x0000000000103464       0x58 binaries/Lottery.o
                0x0000000000103464                set_tickets
 .text          0x00000000001034bc      0xfb5 binaries/main.o
                0x00000000001034bc                timed_execution
                0x00000000001034e8                main
 .text          0x0000000000104471       0xb5 binaries/mark.o
                0x0000000000104471                markinit
                0x0000000000104495                mark
 .text          0x0000000000104526       0xcc binaries/meminit.o
                0x0000000000104526                meminit
 .text          0x00000000001045f2      0x174 binaries/mkbufpool.o
                0x00000000001045f2                mkbufpool
 .text          0x0000000000104766       0x94 binaries/newqueue.o
                0x0000000000104766                newqueue
 .text          0x00000000001047fa       0x7b binaries/open.o
                0x00000000001047fa                open
 .text          0x0000000000104875       0x20 binaries/panic.o
                0x0000000000104875                panic
 .text          0x0000000000104895      0x489 binaries/pci.o
                0x0000000000104895                pci_init
                0x0000000000104b52                find_pci_device
                0x0000000000104ba0                pci_bios_read_config_byte
                0x0000000000104bdf                pci_bios_read_config_word
                0x0000000000104c21                pci_bios_read_config_dword
                0x0000000000104c60                pci_bios_write_config_byte
                0x0000000000104ca1                pci_bios_write_config_word
                0x0000000000104ce3                pci_bios_write_config_dword
 .text          0x0000000000104d1e      0x35b binaries/pr_status_syscall_summary.o
                0x0000000000104d1e                pr_status_syscall_summary
 .text          0x0000000000105079       0xf1 binaries/ptclear.o
                0x0000000000105079                _ptclear
 .text          0x000000000010516a       0x9d binaries/ptcount.o
                0x000000000010516a                ptcount
 .text          0x0000000000105207      0x116 binaries/ptcreate.o
                0x0000000000105207                ptcreate
 .text          0x000000000010531d       0x7f binaries/ptdelete.o
                0x000000000010531d                ptdelete
 .text          0x000000000010539c       0xbf binaries/ptinit.o
                0x000000000010539c                ptinit
 .text          0x000000000010545b      0x11b binaries/ptrecv.o
                0x000000000010545b                ptrecv
 .text          0x0000000000105576       0x77 binaries/ptreset.o
                0x0000000000105576                ptreset
 .text          0x00000000001055ed      0x13d binaries/ptsend.o
                0x00000000001055ed                ptsend
 .text          0x000000000010572a       0x80 binaries/putc.o
                0x000000000010572a                putc
 .text          0x00000000001057aa      0x155 binaries/queue.o
                0x00000000001057aa                enqueue
                0x000000000010584e                dequeue
                0x00000000001058bb                dequeue_user
 .text          0x00000000001058ff       0x7b binaries/read.o
                0x00000000001058ff                read
 .text          0x000000000010597a      0x398 binaries/ready.o
                0x000000000010597a                ready
                0x0000000000105b5b                print_ready_list
 .text          0x0000000000105d12       0x64 binaries/receive.o
                0x0000000000105d12                receive
 .text          0x0000000000105d76       0x60 binaries/recvclr.o
                0x0000000000105d76                recvclr
 .text          0x0000000000105dd6       0xbf binaries/recvtime.o
                0x0000000000105dd6                recvtime
 .text          0x0000000000105e95      0x5df binaries/resched.o
                0x0000000000105e95                total
                0x0000000000105ee2                first_element
                0x0000000000105f29                total_tickets
                0x0000000000105f81                lottery
                0x0000000000106017                resched
                0x00000000001063ff                resched_cntl
 .text          0x0000000000106474       0xb2 binaries/resume.o
                0x0000000000106474                resume
 .text          0x0000000000106526       0x79 binaries/seek.o
                0x0000000000106526                seek
 .text          0x000000000010659f       0x70 binaries/semcount.o
                0x000000000010659f                semcount
 .text          0x000000000010660f       0xd6 binaries/semcreate.o
                0x000000000010660f                semcreate
 .text          0x00000000001066e5       0xcd binaries/semdelete.o
                0x00000000001066e5                semdelete
 .text          0x00000000001067b2       0xcb binaries/semreset.o
                0x00000000001067b2                semreset
 .text          0x000000000010687d       0xee binaries/send.o
                0x000000000010687d                send
 .text          0x000000000010696b       0xa8 binaries/signal.o
                0x000000000010696b                signal
 .text          0x0000000000106a13       0xd6 binaries/signaln.o
                0x0000000000106a13                signaln
 .text          0x0000000000106ae9      0x346 binaries/sleep.o
                0x0000000000106ae9                sleep
                0x0000000000106b37                sleepms
 .text          0x0000000000106e2f      0x193 binaries/stacktrace.o
                0x0000000000106e2f                stacktrace
 .text          0x0000000000106fc2      0x2aa binaries/suspend.o
                0x0000000000106fc2                suspend
 .text          0x000000000010726c       0xea binaries/unsleep.o
                0x000000000010726c                unsleep
 .text          0x0000000000107356       0x19 binaries/userret.o
                0x0000000000107356                userret
 .text          0x000000000010736f      0x2c7 binaries/wait.o
                0x000000000010736f                wait
 .text          0x0000000000107636      0x141 binaries/wakeup.o
                0x0000000000107636                wakeup
 .text          0x0000000000107777       0x7b binaries/write.o
                0x0000000000107777                write
 .text          0x00000000001077f2       0x1d binaries/xdone.o
                0x00000000001077f2                xdone
 .text          0x000000000010780f       0xc3 binaries/yield.o
                0x000000000010780f                yield
 .text          0x00000000001078d2       0x11 binaries/abs.o
                0x00000000001078d2                abs
 .text          0x00000000001078e3       0x8f binaries/atoi.o
                0x00000000001078e3                atoi
 .text          0x0000000000107972       0x8f binaries/atol.o
                0x0000000000107972                atol
 .text          0x0000000000107a01       0x31 binaries/bzero.o
                0x0000000000107a01                bzero
 .text          0x0000000000107a32        0x0 binaries/ctype_.o
 .text          0x0000000000107a32      0x8ed binaries/doprnt.o
                0x0000000000107a32                _doprnt
 .text          0x000000000010831f      0x65c binaries/doscan.o
                0x000000000010831f                _doscan
 .text          0x000000000010897b      0x711 binaries/fdoprnt.o
                0x000000000010897b                _fdoprnt
 .text          0x000000000010908c       0x29 binaries/fgetc.o
                0x000000000010908c                fgetc
 .text          0x00000000001090b5       0x75 binaries/fgets.o
                0x00000000001090b5                fgets
 .text          0x000000000010912a       0x2a binaries/fprintf.o
                0x000000000010912a                fprintf
 .text          0x0000000000109154       0x2c binaries/fputc.o
                0x0000000000109154                fputc
 .text          0x0000000000109180       0x43 binaries/fputs.o
                0x0000000000109180                fputs
 .text          0x00000000001091c3       0x8a binaries/fscanf.o
                0x00000000001091c3                fscanf
 .text          0x000000000010924d       0x35 binaries/getchar.o
                0x000000000010924d                getchar
 .text          0x0000000000109282       0x11 binaries/labs.o
                0x0000000000109282                labs
 .text          0x0000000000109293        0x0 binaries/memchr.o
 .text          0x0000000000109293       0x51 binaries/memcmp.o
                0x0000000000109293                memcmp
 .text          0x00000000001092e4       0x3f binaries/memcpy.o
                0x00000000001092e4                memcpy
 .text          0x0000000000109323       0x30 binaries/memset.o
                0x0000000000109323                memset
 .text          0x0000000000109353       0x4b binaries/printf.o
                0x0000000000109353                printf
 .text          0x000000000010939e       0x38 binaries/putchar.o
                0x000000000010939e                putchar
 .text          0x00000000001093d6      0x27e binaries/qsort.o
                0x00000000001093d6                qsort
 .text          0x0000000000109654       0x63 binaries/rand.o
                0x0000000000109654                rand
                0x000000000010966c                rand_r
                0x00000000001096aa                srand
 .text          0x00000000001096b7       0x66 binaries/sprintf.o
                0x00000000001096b7                sprintf
 .text          0x000000000010971d       0x70 binaries/sscanf.o
                0x000000000010971d                sscanf
 .text          0x000000000010978d       0x3c binaries/strchr.o
                0x000000000010978d                strchr
 .text          0x00000000001097c9       0x45 binaries/strcmp.o
                0x00000000001097c9                strcmp
 .text          0x000000000010980e       0x27 binaries/strcpy.o
                0x000000000010980e                strcpy
 .text          0x0000000000109835       0x26 binaries/strlen.o
                0x0000000000109835                strlen
 .text          0x000000000010985b       0x56 binaries/strncat.o
                0x000000000010985b                strncat
 .text          0x00000000001098b1       0x5f binaries/strncmp.o
                0x00000000001098b1                strncmp
 .text          0x0000000000109910       0x4f binaries/strncpy.o
                0x0000000000109910                strncpy
 .text          0x000000000010995f       0x2e binaries/strnlen.o
                0x000000000010995f                strnlen
 .text          0x000000000010998d       0x45 binaries/strrchr.o
                0x000000000010998d                strrchr
 .text          0x00000000001099d2       0x6d binaries/strstr.o
                0x00000000001099d2                strstr
 .text          0x0000000000109a3f       0xe4 binaries/ttycontrol.o
                0x0000000000109a3f                ttycontrol
 .text          0x0000000000109b23       0x97 binaries/ttygetc.o
                0x0000000000109b23                ttygetc
 .text          0x0000000000109bba      0x6ee binaries/ttyhandle_in.o
                0x0000000000109bba                ttyhandle_in
 .text          0x000000000010a2a8      0x1ae binaries/ttyhandle_out.o
                0x000000000010a2a8                ttyhandle_out
 .text          0x000000000010a456       0xce binaries/ttyhandler.o
                0x000000000010a456                ttyhandler
 .text          0x000000000010a524      0x22f binaries/ttyinit.o
                0x000000000010a524                ttyinit
 .text          0x000000000010a753       0x1b binaries/ttykickout.o
                0x000000000010a753                ttykickout
 .text          0x000000000010a76e       0xb7 binaries/ttyputc.o
                0x000000000010a76e                ttyputc
 .text          0x000000000010a825      0x11b binaries/ttyread.o
                0x000000000010a825                ttyread
 .text          0x000000000010a940       0x4f binaries/ttywrite.o
                0x000000000010a940                ttywrite
 .text          0x000000000010a98f      0x14b binaries/mount.o
                0x000000000010a98f                mount
                0x000000000010aaa4                namlen
 .text          0x000000000010aada      0x1ea binaries/naminit.o
                0x000000000010aada                naminit
 .text          0x000000000010acc4      0x211 binaries/nammap.o
                0x000000000010acc4                nammap
                0x000000000010ad4f                namrepl
                0x000000000010ae85                namcpy
 .text          0x000000000010aed5       0x4e binaries/namopen.o
                0x000000000010aed5                namopen
 .text          0x000000000010af23      0xec3 binaries/82545EMInit.o
                0x000000000010af81                _82545EMInit
                0x000000000010bc52                _82545EM_read_phy_reg
                0x000000000010bd18                _82545EM_write_phy_reg
 .text          0x000000000010bde6      0x241 binaries/ethcontrol.o
                0x000000000010be44                ethcontrol
                0x000000000010bfba                ethIrqDisable
                0x000000000010bfef                ethIrqEnable
 .text          0x000000000010c027      0x252 binaries/ethhandler.o
                0x000000000010c197                ethhandler
 .text          0x000000000010c279      0x126 binaries/ethinit.o
                0x000000000010c279                ethinit
 .text          0x000000000010c39f      0x1f4 binaries/ethread.o
                0x000000000010c3fd                ethread
 .text          0x000000000010c593      0x19f binaries/ethwrite.o
                0x000000000010c5f1                ethwrite
 .text          0x000000000010c732       0x9e binaries/rdsbufalloc.o
                0x000000000010c732                rdsbufalloc
 .text          0x000000000010c7d0       0xcc binaries/rdsclose.o
                0x000000000010c7d0                rdsclose
 .text          0x000000000010c89c      0x2e8 binaries/rdscomm.o
                0x000000000010c89c                rdscomm
 .text          0x000000000010cb84      0x233 binaries/rdscontrol.o
                0x000000000010cb84                rdscontrol
 .text          0x000000000010cdb7      0x1f3 binaries/rdsinit.o
                0x000000000010cdb7                rdsinit
 .text          0x000000000010cfaa      0x19b binaries/rdsopen.o
                0x000000000010cfaa                rdsopen
 .text          0x000000000010d145      0x461 binaries/rdsprocess.o
                0x000000000010d145                rdsprocess
 .text          0x000000000010d5a6      0x259 binaries/rdsread.o
                0x000000000010d5a6                rdsread
 .text          0x000000000010d7ff      0x1fe binaries/rdswrite.o
                0x000000000010d7ff                rdswrite
 .text          0x000000000010d9fd        0xa binaries/ramclose.o
                0x000000000010d9fd                ramclose
 .text          0x000000000010da07       0x3e binaries/raminit.o
                0x000000000010da07                raminit
 .text          0x000000000010da45        0xa binaries/ramopen.o
                0x000000000010da45                ramopen
 .text          0x000000000010da4f       0x32 binaries/ramread.o
                0x000000000010da4f                ramread
 .text          0x000000000010da81       0x32 binaries/ramwrite.o
                0x000000000010da81                ramwrite
 .text          0x000000000010dab3       0x98 binaries/lfdballoc.o
                0x000000000010dab3                lfdballoc
 .text          0x000000000010db4b       0x58 binaries/lfdbfree.o
                0x000000000010db4b                lfdbfree
 .text          0x000000000010dba3       0xb6 binaries/lfflush.o
                0x000000000010dba3                lfflush
 .text          0x000000000010dc59       0xd8 binaries/lfgetmode.o
                0x000000000010dc59                lfgetmode
 .text          0x000000000010dd31       0x68 binaries/lfiballoc.o
                0x000000000010dd31                lfiballoc
 .text          0x000000000010dd99       0x3b binaries/lfibclear.o
                0x000000000010dd99                lfibclear
 .text          0x000000000010ddd4       0xad binaries/lfibget.o
                0x000000000010ddd4                lfibget
 .text          0x000000000010de81       0xdc binaries/lfibput.o
                0x000000000010de81                lfibput
 .text          0x000000000010df5d       0xa2 binaries/lflclose.o
                0x000000000010df5d                lflclose
 .text          0x000000000010dfff       0xd0 binaries/lflcontrol.o
                0x000000000010dfff                lflcontrol
 .text          0x000000000010e0cf       0xf2 binaries/lflgetc.o
                0x000000000010e0cf                lflgetc
 .text          0x000000000010e1c1       0xf1 binaries/lflinit.o
                0x000000000010e1c1                lflinit
 .text          0x000000000010e2b2      0x122 binaries/lflputc.o
                0x000000000010e2b2                lflputc
 .text          0x000000000010e3d4       0x70 binaries/lflread.o
                0x000000000010e3d4                lflread
 .text          0x000000000010e444       0xac binaries/lflseek.o
                0x000000000010e444                lflseek
 .text          0x000000000010e4f0       0x55 binaries/lflwrite.o
                0x000000000010e4f0                lflwrite
 .text          0x000000000010e545       0x62 binaries/lfscheck.o
                0x000000000010e545                lfscheck
 .text          0x000000000010e5a7      0x175 binaries/lfsckfmt.o
                0x000000000010e5a7                lfsckfmt
 .text          0x000000000010e71c      0x1ad binaries/lfscreate.o
                0x000000000010e71c                lfscreate
 .text          0x000000000010e8c9      0x278 binaries/lfsetup.o
                0x000000000010e8c9                lfsetup
 .text          0x000000000010eb41       0x51 binaries/lfsinit.o
                0x000000000010eb41                lfsinit
 .text          0x000000000010eb92      0x3c0 binaries/lfsopen.o
                0x000000000010eb92                lfsopen
 .text          0x000000000010ef52      0x15e binaries/lftruncate.o
                0x000000000010ef52                lftruncate
 .text          0x000000000010f0b0       0x71 binaries/rflclose.o
                0x000000000010f0b0                rflclose
 .text          0x000000000010f121       0x32 binaries/rflgetc.o
                0x000000000010f121                rflgetc
 .text          0x000000000010f153       0x76 binaries/rflinit.o
                0x000000000010f153                rflinit
 .text          0x000000000010f1c9       0x33 binaries/rflputc.o
                0x000000000010f1c9                rflputc
 .text          0x000000000010f1fc      0x360 binaries/rflread.o
                0x000000000010f1fc                rflread
 .text          0x000000000010f55c       0x74 binaries/rflseek.o
                0x000000000010f55c                rflseek
 .text          0x000000000010f5d0      0x34d binaries/rflwrite.o
                0x000000000010f5d0                rflwrite
 .text          0x000000000010f91d      0x1e2 binaries/rfscomm.o
                0x000000000010f91d                rfscomm
 .text          0x000000000010faff      0x26d binaries/rfscontrol.o
                0x000000000010faff                rfscontrol
 .text          0x000000000010fd6c       0xd8 binaries/rfsgetmode.o
                0x000000000010fd6c                rfsgetmode
 .text          0x000000000010fe44       0x86 binaries/rfsinit.o
                0x000000000010fe44                rfsinit
 .text          0x000000000010feca      0x111 binaries/rfsndmsg.o
                0x000000000010feca                rfsndmsg
 .text          0x000000000010ffdb      0x2aa binaries/rfsopen.o
                0x000000000010ffdb                rfsopen
 .text          0x0000000000110285      0x836 binaries/arp.o
                0x0000000000110285                arp_init
                0x00000000001102b7                arp_resolve
                0x000000000011056b                arp_in
                0x0000000000110823                arp_alloc
                0x00000000001108e3                arp_ntoh
                0x00000000001109cf                arp_hton
 .text          0x0000000000110abb      0x8e3 binaries/dhcp.o
                0x0000000000110abb                dhcp_get_opt_val
                0x0000000000110b14                dhcp_bld_bootp_msg
                0x0000000000110c21                dhcp_bld_disc
                0x0000000000110d0a                dhcp_bld_req
                0x0000000000110e7c                getlocalip
 .text          0x000000000011139e      0x59f binaries/dns.o
                0x000000000011139e                dnslookup
 .text          0x000000000011193d       0xe8 binaries/dot2ip.o
                0x000000000011193d                dot2ip
 .text          0x0000000000111a25      0x4c4 binaries/hexdump.o
                0x0000000000111a25                hexdump
                0x0000000000111bcc                hexadump
 .text          0x0000000000111ee9      0x8af binaries/icmp.o
                0x0000000000111ee9                icmp_init
                0x0000000000111f20                icmp_in
                0x00000000001120f6                icmp_register
                0x00000000001121f1                icmp_recv
                0x000000000011237d                icmp_send
                0x0000000000112405                icmp_mkpkt
                0x000000000011251f                icmp_release
                0x000000000011261d                icmp_cksum
                0x00000000001126b0                icmp_hton
                0x0000000000112724                icmp_ntoh
 .text          0x0000000000112798      0x8a5 binaries/ip.o
                0x0000000000112798                ip_in
                0x000000000011291c                ip_send
                0x0000000000112a77                ip_local
                0x0000000000112ac3                ip_out
                0x0000000000112bfc                ipcksum
                0x0000000000112c82                ip_ntoh
                0x0000000000112d6e                ip_hton
                0x0000000000112e5a                ipout
                0x0000000000112f89                ip_enqueue
 .text          0x000000000011303d      0x2cd binaries/net.o
                0x000000000011303d                net_init
                0x0000000000113165                netin
                0x0000000000113222                eth_hton
                0x000000000011324c                eth_ntoh
                0x0000000000113276                getport
 .text          0x000000000011330a     0x147f binaries/pdump.o
                0x000000000011330a                pdump
                0x00000000001140c7                pdumph
 .text          0x0000000000114789      0x613 binaries/tftp.o
                0x0000000000114789                tftp_send1
                0x0000000000114901                tftpget
                0x0000000000114933                tftpget_mb
 .text          0x0000000000114d9c      0xb82 binaries/udp.o
                0x0000000000114d9c                udp_init
                0x0000000000114dd1                udp_in
                0x0000000000114f13                udp_register
                0x0000000000115050                udp_recv
                0x00000000001151ec                udp_recvaddr
                0x00000000001153a0                udp_send
                0x0000000000115588                udp_sendto
                0x0000000000115739                udp_release
                0x0000000000115834                udp_ntoh
                0x00000000001158a9                udp_hton
 .text          0x000000000011591e      0x13c binaries/addargs.o
                0x000000000011591e                addargs
 .text          0x0000000000115a5a      0x2c9 binaries/lexan.o
                0x0000000000115a5a                lexan
 .text          0x0000000000115d23      0x66b binaries/shell.o
                0x0000000000115d23                shell
 .text          0x000000000011638e       0x69 binaries/xsh_argecho.o
                0x000000000011638e                xsh_argecho
 .text          0x00000000001163f7      0x275 binaries/xsh_arp.o
                0x00000000001163f7                xsh_arp
 .text          0x000000000011666c      0x28a binaries/xsh_cat.o
                0x000000000011666c                xsh_cat
 .text          0x00000000001168f6       0x62 binaries/xsh_clear.o
                0x00000000001168f6                xsh_clear
 .text          0x0000000000116958      0x30e binaries/xsh_date.o
                0x0000000000116958                xsh_date
 .text          0x0000000000116c66       0xb2 binaries/xsh_devdump.o
                0x0000000000116c66                xsh_devdump
 .text          0x0000000000116d18       0x72 binaries/xsh_echo.o
                0x0000000000116d18                xsh_echo
 .text          0x0000000000116d8a        0xa binaries/xsh_exit.o
                0x0000000000116d8a                xsh_exit
 .text          0x0000000000116d94      0x391 binaries/xsh_help.o
                0x0000000000116d94                xsh_help
 .text          0x0000000000117125      0x25d binaries/xsh_kill.o
                0x0000000000117125                xsh_kill
 .text          0x0000000000117382      0x55d binaries/xsh_memdump.o
                0x0000000000117382                xsh_memdump
 .text          0x00000000001178df      0x2b7 binaries/xsh_memstat.o
                0x00000000001178df                xsh_memstat
 .text          0x0000000000117b96      0x51d binaries/xsh_netinfo.o
                0x0000000000117b96                xsh_netinfo
 .text          0x00000000001180b3      0x4b3 binaries/xsh_ping.o
                0x00000000001180b3                xsh_ping
 .text          0x0000000000118566      0x256 binaries/xsh_ps.o
                0x0000000000118566                xsh_ps
 .text          0x00000000001187bc      0x239 binaries/xsh_sleep.o
                0x00000000001187bc                xsh_sleep
 .text          0x00000000001189f5      0x282 binaries/xsh_udpdump.o
                0x00000000001189f5                xsh_udpdump
 .text          0x0000000000118c77      0x4ea binaries/xsh_udpecho.o
                0x0000000000118c77                xsh_udpecho
 .text          0x0000000000119161      0x2c8 binaries/xsh_udpserver.o
                0x0000000000119161                xsh_udpeserver
 .text          0x0000000000119429      0x1fb binaries/xsh_uptime.o
                0x0000000000119429                xsh_uptime
 .text          0x0000000000119624        0xe binaries/clkdisp.o
                0x0000000000119624                clkdisp
 .text          0x0000000000119632       0x19 binaries/ctxsw.o
                0x0000000000119632                ctxsw
 .text          0x000000000011964b      0x36b binaries/intr.o
                0x000000000011964b                disable
                0x0000000000119654                restore
                0x0000000000119662                enable
                0x0000000000119664                pause
                0x000000000011966b                halt
                0x0000000000119671                spurious_irq7
                0x0000000000119676                spurious_irq15
                0x0000000000119685                _Xint0
                0x0000000000119690                _Xint1
                0x000000000011969b                _Xint2
                0x00000000001196a6                _Xint3
                0x00000000001196b1                _Xint4
                0x00000000001196bc                _Xint5
                0x00000000001196c7                _Xint6
                0x00000000001196d2                _Xint7
                0x00000000001196dd                _Xint8
                0x00000000001196e8                _Xint9
                0x00000000001196f3                _Xint10
                0x00000000001196fe                _Xint11
                0x000000000011970c                _Xint12
                0x000000000011971a                _Xint13
                0x0000000000119728                _Xint14
                0x0000000000119736                _Xint15
                0x0000000000119744                _Xint16
                0x0000000000119752                _Xint17
                0x0000000000119760                _Xint18
                0x000000000011976e                _Xint19
                0x000000000011977c                _Xint20
                0x000000000011978a                _Xint21
                0x0000000000119798                _Xint22
                0x00000000001197a6                _Xint23
                0x00000000001197b4                _Xint24
                0x00000000001197c2                _Xint25
                0x00000000001197d0                _Xint26
                0x00000000001197de                _Xint27
                0x00000000001197ec                _Xint28
                0x00000000001197fa                _Xint29
                0x0000000000119808                _Xint30
                0x0000000000119816                _Xint31
                0x0000000000119824                _Xint32
                0x0000000000119832                _Xint33
                0x0000000000119840                _Xint34
                0x000000000011984e                _Xint35
                0x000000000011985c                _Xint36
                0x000000000011986a                _Xint37
                0x0000000000119878                _Xint38
                0x0000000000119886                _Xint39
                0x0000000000119894                _Xint40
                0x00000000001198a2                _Xint41
                0x00000000001198b0                _Xint42
                0x00000000001198be                _Xint43
                0x00000000001198cc                _Xint44
                0x00000000001198da                _Xint45
                0x00000000001198e8                _Xint46
                0x00000000001198f6                defevec
 .text          0x00000000001199b6        0xf binaries/ttydispatch.o
                0x00000000001199b6                ttydispatch
 .text          0x00000000001199c5       0x13 binaries/ethdispatch.o
                0x00000000001199c5                ethdispatch
 *(.rodata .rodata.*)
 .rodata        0x00000000001199d8       0x8e binaries/ascdate.o
 .rodata        0x0000000000119a66       0xae binaries/conf.o
 .rodata        0x0000000000119b14      0x22f binaries/evec.o
 *fill*         0x0000000000119d43        0x1 
 .rodata        0x0000000000119d44       0x61 binaries/getutime.o
 *fill*         0x0000000000119da5        0x3 
 .rodata        0x0000000000119da8       0x90 binaries/i386.o
 .rodata        0x0000000000119e38      0x181 binaries/initialize.o
 *fill*         0x0000000000119fb9        0x3 
 .rodata        0x0000000000119fbc       0x20 binaries/kill.o
 .rodata        0x0000000000119fdc      0x315 binaries/main.o
 .rodata        0x000000000011a2f1        0xf binaries/panic.o
 .rodata        0x000000000011a300      0x1ec binaries/pci.o
 .rodata        0x000000000011a4ec       0xd1 binaries/pr_status_syscall_summary.o
 .rodata        0x000000000011a5bd       0x1d binaries/ptinit.o
 *fill*         0x000000000011a5da        0x2 
 .rodata        0x000000000011a5dc       0x25 binaries/ptsend.o
 *fill*         0x000000000011a601        0x3 
 .rodata        0x000000000011a604       0x8b binaries/ready.o
 *fill*         0x000000000011a68f        0x1 
 .rodata        0x000000000011a690       0xb7 binaries/stacktrace.o
 *fill*         0x000000000011a747        0x1 
 .rodata        0x000000000011a748       0x27 binaries/xdone.o
 *fill*         0x000000000011a76f       0x11 
 .rodata        0x000000000011a780       0x81 binaries/ctype_.o
                0x000000000011a780                _ctype_
 *fill*         0x000000000011a801        0x3 
 .rodata        0x000000000011a804       0xee binaries/doprnt.o
 *fill*         0x000000000011a8f2        0x2 
 .rodata        0x000000000011a8f4       0x98 binaries/doscan.o
 .rodata        0x000000000011a98c       0xae binaries/fdoprnt.o
 *fill*         0x000000000011aa3a        0x2 
 .rodata        0x000000000011aa3c       0x20 binaries/ttycontrol.o
 .rodata        0x000000000011aa5c       0x34 binaries/ttyhandler.o
 .rodata        0x000000000011aa90       0x80 binaries/naminit.o
 .rodata        0x000000000011ab10       0x2e binaries/82545EMInit.o
 *fill*         0x000000000011ab3e        0x2 
 .rodata        0x000000000011ab40       0x78 binaries/ethinit.o
 .rodata        0x000000000011abb8       0x18 binaries/ethread.o
 .rodata        0x000000000011abd0       0x2c binaries/rdsbufalloc.o
 .rodata        0x000000000011abfc       0x76 binaries/rdscomm.o
 *fill*         0x000000000011ac72        0x2 
 .rodata        0x000000000011ac74       0x48 binaries/rdscontrol.o
 .rodata        0x000000000011acbc       0x96 binaries/rdsinit.o
 *fill*         0x000000000011ad52        0x2 
 .rodata        0x000000000011ad54       0x22 binaries/rdsopen.o
 *fill*         0x000000000011ad76        0x2 
 .rodata        0x000000000011ad78       0x4d binaries/rdsprocess.o
 .rodata        0x000000000011adc5        0x9 binaries/raminit.o
 *fill*         0x000000000011adce        0x2 
 .rodata        0x000000000011add0       0x37 binaries/lfdballoc.o
 .rodata        0x000000000011ae07       0x14 binaries/lfiballoc.o
 *fill*         0x000000000011ae1b        0x1 
 .rodata        0x000000000011ae1c       0x23 binaries/lflcontrol.o
 *fill*         0x000000000011ae3f        0x1 
 .rodata        0x000000000011ae40      0x11b binaries/lfsckfmt.o
 *fill*         0x000000000011af5b        0x1 
 .rodata        0x000000000011af5c       0x2a binaries/lfsopen.o
 *fill*         0x000000000011af86        0x2 
 .rodata        0x000000000011af88       0x21 binaries/rflread.o
 *fill*         0x000000000011afa9        0x3 
 .rodata        0x000000000011afac       0x21 binaries/rflwrite.o
 *fill*         0x000000000011afcd        0x3 
 .rodata        0x000000000011afd0       0x75 binaries/rfscomm.o
 *fill*         0x000000000011b045        0x3 
 .rodata        0x000000000011b048       0x3c binaries/rfscontrol.o
 .rodata        0x000000000011b084       0x63 binaries/rfsinit.o
 *fill*         0x000000000011b0e7        0x1 
 .rodata        0x000000000011b0e8       0x2a binaries/rfsndmsg.o
 *fill*         0x000000000011b112        0x2 
 .rodata        0x000000000011b114       0x22 binaries/rfsopen.o
 *fill*         0x000000000011b136        0x2 
 .rodata        0x000000000011b138       0x3a binaries/arp.o
 *fill*         0x000000000011b172        0x2 
 .rodata        0x000000000011b174       0xcf binaries/dhcp.o
 .rodata        0x000000000011b243       0x1a binaries/dns.o
 *fill*         0x000000000011b25d        0x3 
 .rodata        0x000000000011b260       0xc9 binaries/hexdump.o
 *fill*         0x000000000011b329        0x3 
 .rodata        0x000000000011b32c       0x29 binaries/icmp.o
 *fill*         0x000000000011b355        0x3 
 .rodata        0x000000000011b358       0x6e binaries/ip.o
 *fill*         0x000000000011b3c6        0x2 
 .rodata        0x000000000011b3c8       0x4f binaries/net.o
 *fill*         0x000000000011b417        0x1 
 .rodata        0x000000000011b418      0x26f binaries/pdump.o
 *fill*         0x000000000011b687        0x1 
 .rodata        0x000000000011b688      0x154 binaries/tftp.o
 *fill*         0x000000000011b7dc        0x4 
 .rodata        0x000000000011b7e0      0x3c1 binaries/shell.o
                0x000000000011b860                cmdtab
 .rodata        0x000000000011bba1       0x28 binaries/xsh_argecho.o
 *fill*         0x000000000011bbc9        0x3 
 .rodata        0x000000000011bbcc      0x123 binaries/xsh_arp.o
 *fill*         0x000000000011bcef        0x1 
 .rodata        0x000000000011bcf0       0xc9 binaries/xsh_cat.o
 .rodata        0x000000000011bdb9       0x19 binaries/xsh_clear.o
 *fill*         0x000000000011bdd2        0x2 
 .rodata        0x000000000011bdd4      0x1c3 binaries/xsh_date.o
 .rodata        0x000000000011bf97       0x5d binaries/xsh_devdump.o
 .rodata        0x000000000011bff4        0x9 binaries/xsh_echo.o
 *fill*         0x000000000011bffd        0x3 
 .rodata        0x000000000011c000      0x169 binaries/xsh_help.o
 *fill*         0x000000000011c169        0x3 
 .rodata        0x000000000011c16c      0x12e binaries/xsh_kill.o
 *fill*         0x000000000011c29a        0x2 
 .rodata        0x000000000011c29c      0x266 binaries/xsh_memdump.o
 *fill*         0x000000000011c502        0x2 
 .rodata        0x000000000011c504      0x225 binaries/xsh_memstat.o
 *fill*         0x000000000011c729        0x3 
 .rodata        0x000000000011c72c      0x1b0 binaries/xsh_netinfo.o
 .rodata        0x000000000011c8dc      0x1a1 binaries/xsh_ping.o
 *fill*         0x000000000011ca7d        0x3 
 .rodata        0x000000000011ca80      0x200 binaries/xsh_ps.o
 .rodata        0x000000000011cc80       0xeb binaries/xsh_sleep.o
 *fill*         0x000000000011cd6b        0x1 
 .rodata        0x000000000011cd6c      0x1b8 binaries/xsh_udpdump.o
 .rodata        0x000000000011cf24      0x215 binaries/xsh_udpecho.o
 *fill*         0x000000000011d139        0x3 
 .rodata        0x000000000011d13c      0x12b binaries/xsh_udpserver.o
 *fill*         0x000000000011d267        0x1 
 .rodata        0x000000000011d268      0x105 binaries/xsh_uptime.o
                0x000000000011d36d                etext = ABSOLUTE (.)
                0x000000000011e000                . = ALIGN (0x1000)
 *fill*         0x000000000011d36d      0xc93 

.eh_frame       0x000000000011e000     0x2e68
 .eh_frame      0x000000000011e000       0x38 binaries/ascdate.o
 .eh_frame      0x000000000011e038       0x20 binaries/bufinit.o
                                         0x38 (size before relaxing)
 .eh_frame      0x000000000011e058       0x20 binaries/chprio.o
                                         0x38 (size before relaxing)
 .eh_frame      0x000000000011e078       0x20 binaries/clkhandler.o
                                         0x38 (size before relaxing)
 .eh_frame      0x000000000011e098       0x20 binaries/clkinit.o
                                         0x38 (size before relaxing)
 .eh_frame      0x000000000011e0b8       0x20 binaries/close.o
                                         0x38 (size before relaxing)
 .eh_frame      0x000000000011e0d8       0x20 binaries/control.o
                                         0x38 (size before relaxing)
 .eh_frame      0x000000000011e0f8       0x80 binaries/create.o
                                         0x98 (size before relaxing)
 .eh_frame      0x000000000011e178       0x60 binaries/evec.o
                                         0x78 (size before relaxing)
 .eh_frame      0x000000000011e1d8       0x20 binaries/execution.o
                                         0x38 (size before relaxing)
 .eh_frame      0x000000000011e1f8       0x20 binaries/exit.o
                                         0x38 (size before relaxing)
 .eh_frame      0x000000000011e218       0x20 binaries/fork.o
                                         0x38 (size before relaxing)
 .eh_frame      0x000000000011e238       0x20 binaries/freebuf.o
                                         0x38 (size before relaxing)
 .eh_frame      0x000000000011e258       0x20 binaries/freemem.o
                                         0x38 (size before relaxing)
 .eh_frame      0x000000000011e278       0x20 binaries/getbuf.o
                                         0x38 (size before relaxing)
 .eh_frame      0x000000000011e298       0x20 binaries/getc.o
                                         0x38 (size before relaxing)
 .eh_frame      0x000000000011e2b8       0x20 binaries/getdev.o
                                         0x38 (size before relaxing)
 .eh_frame      0x000000000011e2d8       0x60 binaries/getitem.o
                                         0x78 (size before relaxing)
 .eh_frame      0x000000000011e338       0x20 binaries/getmem.o
                                         0x38 (size before relaxing)
 .eh_frame      0x000000000011e358       0x20 binaries/getpid.o
                                         0x38 (size before relaxing)
 .eh_frame      0x000000000011e378       0x20 binaries/getprio.o
                                         0x38 (size before relaxing)
 .eh_frame      0x000000000011e398       0x20 binaries/getstk.o
                                         0x38 (size before relaxing)
 .eh_frame      0x000000000011e3b8       0x20 binaries/getticks.o
                                         0x38 (size before relaxing)
 .eh_frame      0x000000000011e3d8       0x20 binaries/gettime.o
                                         0x38 (size before relaxing)
 .eh_frame      0x000000000011e3f8       0x20 binaries/getutime.o
                                         0x38 (size before relaxing)
 .eh_frame      0x000000000011e418       0x8c binaries/i386.o
                                         0xa4 (size before relaxing)
 .eh_frame      0x000000000011e4a4       0x20 binaries/init.o
                                         0x38 (size before relaxing)
 .eh_frame      0x000000000011e4c4       0xa0 binaries/initialize.o
                                         0xb8 (size before relaxing)
 .eh_frame      0x000000000011e564       0x40 binaries/insert.o
                                         0x58 (size before relaxing)
 .eh_frame      0x000000000011e5a4       0x20 binaries/insertd.o
                                         0x38 (size before relaxing)
 .eh_frame      0x000000000011e5c4       0x20 binaries/ioerr.o
                                         0x38 (size before relaxing)
 .eh_frame      0x000000000011e5e4       0x20 binaries/ionull.o
                                         0x38 (size before relaxing)
 .eh_frame      0x000000000011e604       0x30 binaries/kill.o
                                         0x48 (size before relaxing)
 .eh_frame      0x000000000011e634       0x60 binaries/kprintf.o
                                         0x78 (size before relaxing)
 .eh_frame      0x000000000011e694       0x20 binaries/Lottery.o
                                         0x38 (size before relaxing)
 .eh_frame      0x000000000011e6b4       0x58 binaries/main.o
                                         0x70 (size before relaxing)
 .eh_frame      0x000000000011e70c       0x40 binaries/mark.o
                                         0x58 (size before relaxing)
 .eh_frame      0x000000000011e74c       0x20 binaries/meminit.o
                                         0x38 (size before relaxing)
 .eh_frame      0x000000000011e76c       0x20 binaries/mkbufpool.o
                                         0x38 (size before relaxing)
 .eh_frame      0x000000000011e78c       0x20 binaries/newqueue.o
                                         0x38 (size before relaxing)
 .eh_frame      0x000000000011e7ac       0x20 binaries/open.o
                                         0x38 (size before relaxing)
 .eh_frame      0x000000000011e7cc       0x1c binaries/panic.o
                                         0x34 (size before relaxing)
 .eh_frame      0x000000000011e7e8      0x1c8 binaries/pci.o
                                        0x1e0 (size before relaxing)
 .eh_frame      0x000000000011e9b0       0x24 binaries/pr_status_syscall_summary.o
                                         0x3c (size before relaxing)
 .eh_frame      0x000000000011e9d4       0x20 binaries/ptclear.o
                                         0x38 (size before relaxing)
 .eh_frame      0x000000000011e9f4       0x20 binaries/ptcount.o
                                         0x38 (size before relaxing)
 .eh_frame      0x000000000011ea14       0x20 binaries/ptcreate.o
                                         0x38 (size before relaxing)
 .eh_frame      0x000000000011ea34       0x20 binaries/ptdelete.o
                                         0x38 (size before relaxing)
 .eh_frame      0x000000000011ea54       0x20 binaries/ptinit.o
                                         0x38 (size before relaxing)
 .eh_frame      0x000000000011ea74       0x20 binaries/ptrecv.o
                                         0x38 (size before relaxing)
 .eh_frame      0x000000000011ea94       0x20 binaries/ptreset.o
                                         0x38 (size before relaxing)
 .eh_frame      0x000000000011eab4       0x20 binaries/ptsend.o
                                         0x38 (size before relaxing)
 .eh_frame      0x000000000011ead4       0x20 binaries/putc.o
                                         0x38 (size before relaxing)
 .eh_frame      0x000000000011eaf4       0x60 binaries/queue.o
                                         0x78 (size before relaxing)
 .eh_frame      0x000000000011eb54       0x20 binaries/read.o
                                         0x38 (size before relaxing)
 .eh_frame      0x000000000011eb74       0x50 binaries/ready.o
                                         0x68 (size before relaxing)
 .eh_frame      0x000000000011ebc4       0x20 binaries/receive.o
                                         0x38 (size before relaxing)
 .eh_frame      0x000000000011ebe4       0x20 binaries/recvclr.o
                                         0x38 (size before relaxing)
 .eh_frame      0x000000000011ec04       0x20 binaries/recvtime.o
                                         0x38 (size before relaxing)
 .eh_frame      0x000000000011ec24       0xc0 binaries/resched.o
                                         0xd8 (size before relaxing)
 .eh_frame      0x000000000011ece4       0x20 binaries/resume.o
                                         0x38 (size before relaxing)
 .eh_frame      0x000000000011ed04       0x20 binaries/seek.o
                                         0x38 (size before relaxing)
 .eh_frame      0x000000000011ed24       0x20 binaries/semcount.o
                                         0x38 (size before relaxing)
 .eh_frame      0x000000000011ed44       0x40 binaries/semcreate.o
                                         0x58 (size before relaxing)
 .eh_frame      0x000000000011ed84       0x20 binaries/semdelete.o
                                         0x38 (size before relaxing)
 .eh_frame      0x000000000011eda4       0x20 binaries/semreset.o
                                         0x38 (size before relaxing)
 .eh_frame      0x000000000011edc4       0x20 binaries/send.o
                                         0x38 (size before relaxing)
 .eh_frame      0x000000000011ede4       0x20 binaries/signal.o
                                         0x38 (size before relaxing)
 .eh_frame      0x000000000011ee04       0x20 binaries/signaln.o
                                         0x38 (size before relaxing)
 .eh_frame      0x000000000011ee24       0x50 binaries/sleep.o
                                         0x68 (size before relaxing)
 .eh_frame      0x000000000011ee74       0x20 binaries/stacktrace.o
                                         0x38 (size before relaxing)
 .eh_frame      0x000000000011ee94       0x30 binaries/suspend.o
                                         0x48 (size before relaxing)
 .eh_frame      0x000000000011eec4       0x20 binaries/unsleep.o
                                         0x38 (size before relaxing)
 .eh_frame      0x000000000011eee4       0x20 binaries/userret.o
                                         0x38 (size before relaxing)
 .eh_frame      0x000000000011ef04       0x30 binaries/wait.o
                                         0x48 (size before relaxing)
 .eh_frame      0x000000000011ef34       0x30 binaries/wakeup.o
                                         0x48 (size before relaxing)
 .eh_frame      0x000000000011ef64       0x20 binaries/write.o
                                         0x38 (size before relaxing)
 .eh_frame      0x000000000011ef84       0x20 binaries/xdone.o
                                         0x38 (size before relaxing)
 .eh_frame      0x000000000011efa4       0x2c binaries/yield.o
                                         0x44 (size before relaxing)
 .eh_frame      0x000000000011efd0       0x20 binaries/abs.o
                                         0x38 (size before relaxing)
 .eh_frame      0x000000000011eff0       0x20 binaries/atoi.o
                                         0x38 (size before relaxing)
 .eh_frame      0x000000000011f010       0x20 binaries/atol.o
                                         0x38 (size before relaxing)
 .eh_frame      0x000000000011f030       0x20 binaries/bzero.o
                                         0x38 (size before relaxing)
 .eh_frame      0x000000000011f050       0xe0 binaries/doprnt.o
                                         0xf8 (size before relaxing)
 .eh_frame      0x000000000011f130       0xb0 binaries/doscan.o
                                         0xc8 (size before relaxing)
 .eh_frame      0x000000000011f1e0       0xc0 binaries/fdoprnt.o
                                         0xd8 (size before relaxing)
 .eh_frame      0x000000000011f2a0       0x20 binaries/fgetc.o
                                         0x38 (size before relaxing)
 .eh_frame      0x000000000011f2c0       0x20 binaries/fgets.o
                                         0x38 (size before relaxing)
 .eh_frame      0x000000000011f2e0       0x20 binaries/fprintf.o
                                         0x38 (size before relaxing)
 .eh_frame      0x000000000011f300       0x20 binaries/fputc.o
                                         0x38 (size before relaxing)
 .eh_frame      0x000000000011f320       0x20 binaries/fputs.o
                                         0x38 (size before relaxing)
 .eh_frame      0x000000000011f340       0x60 binaries/fscanf.o
                                         0x78 (size before relaxing)
 .eh_frame      0x000000000011f3a0       0x20 binaries/getchar.o
                                         0x38 (size before relaxing)
 .eh_frame      0x000000000011f3c0       0x20 binaries/labs.o
                                         0x38 (size before relaxing)
 .eh_frame      0x000000000011f3e0       0x20 binaries/memcmp.o
                                         0x38 (size before relaxing)
 .eh_frame      0x000000000011f400       0x24 binaries/memcpy.o
                                         0x3c (size before relaxing)
 .eh_frame      0x000000000011f424       0x24 binaries/memset.o
                                         0x3c (size before relaxing)
 .eh_frame      0x000000000011f448       0x20 binaries/printf.o
                                         0x38 (size before relaxing)
 .eh_frame      0x000000000011f468       0x20 binaries/putchar.o
                                         0x38 (size before relaxing)
 .eh_frame      0x000000000011f488       0xa8 binaries/qsort.o
                                         0xc0 (size before relaxing)
 .eh_frame      0x000000000011f530       0x60 binaries/rand.o
                                         0x78 (size before relaxing)
 .eh_frame      0x000000000011f590       0x40 binaries/sprintf.o
                                         0x58 (size before relaxing)
 .eh_frame      0x000000000011f5d0       0x60 binaries/sscanf.o
                                         0x78 (size before relaxing)
 .eh_frame      0x000000000011f630       0x20 binaries/strchr.o
                                         0x38 (size before relaxing)
 .eh_frame      0x000000000011f650       0x20 binaries/strcmp.o
                                         0x38 (size before relaxing)
 .eh_frame      0x000000000011f670       0x20 binaries/strcpy.o
                                         0x38 (size before relaxing)
 .eh_frame      0x000000000011f690       0x20 binaries/strlen.o
                                         0x38 (size before relaxing)
 .eh_frame      0x000000000011f6b0       0x20 binaries/strncat.o
                                         0x38 (size before relaxing)
 .eh_frame      0x000000000011f6d0       0x20 binaries/strncmp.o
                                         0x38 (size before relaxing)
 .eh_frame      0x000000000011f6f0       0x28 binaries/strncpy.o
                                         0x40 (size before relaxing)
 .eh_frame      0x000000000011f718       0x20 binaries/strnlen.o
                                         0x38 (size before relaxing)
 .eh_frame      0x000000000011f738       0x20 binaries/strrchr.o
                                         0x38 (size before relaxing)
 .eh_frame      0x000000000011f758       0x20 binaries/strstr.o
                                         0x38 (size before relaxing)
 .eh_frame      0x000000000011f778       0x20 binaries/ttycontrol.o
                                         0x38 (size before relaxing)
 .eh_frame      0x000000000011f798       0x20 binaries/ttygetc.o
                                         0x38 (size before relaxing)
 .eh_frame      0x000000000011f7b8       0x80 binaries/ttyhandle_in.o
                                         0x98 (size before relaxing)
 .eh_frame      0x000000000011f838       0x20 binaries/ttyhandle_out.o
                                         0x38 (size before relaxing)
 .eh_frame      0x000000000011f858       0x20 binaries/ttyhandler.o
                                         0x38 (size before relaxing)
 .eh_frame      0x000000000011f878       0x20 binaries/ttyinit.o
                                         0x38 (size before relaxing)
 .eh_frame      0x000000000011f898       0x20 binaries/ttykickout.o
                                         0x38 (size before relaxing)
 .eh_frame      0x000000000011f8b8       0x20 binaries/ttyputc.o
                                         0x38 (size before relaxing)
 .eh_frame      0x000000000011f8d8       0x24 binaries/ttyread.o
                                         0x3c (size before relaxing)
 .eh_frame      0x000000000011f8fc       0x20 binaries/ttywrite.o
                                         0x38 (size before relaxing)
 .eh_frame      0x000000000011f91c       0x40 binaries/mount.o
                                         0x58 (size before relaxing)
 .eh_frame      0x000000000011f95c       0x20 binaries/naminit.o
                                         0x38 (size before relaxing)
 .eh_frame      0x000000000011f97c       0x60 binaries/nammap.o
                                         0x78 (size before relaxing)
 .eh_frame      0x000000000011f9dc       0x20 binaries/namopen.o
                                         0x38 (size before relaxing)
 .eh_frame      0x000000000011f9fc      0x150 binaries/82545EMInit.o
                                        0x168 (size before relaxing)
 .eh_frame      0x000000000011fb4c       0xa0 binaries/ethcontrol.o
                                         0xb8 (size before relaxing)
 .eh_frame      0x000000000011fbec       0x80 binaries/ethhandler.o
                                         0x98 (size before relaxing)
 .eh_frame      0x000000000011fc6c       0x20 binaries/ethinit.o
                                         0x38 (size before relaxing)
 .eh_frame      0x000000000011fc8c       0x60 binaries/ethread.o
                                         0x78 (size before relaxing)
 .eh_frame      0x000000000011fcec       0x60 binaries/ethwrite.o
                                         0x78 (size before relaxing)
 .eh_frame      0x000000000011fd4c       0x20 binaries/rdsbufalloc.o
                                         0x38 (size before relaxing)
 .eh_frame      0x000000000011fd6c       0x20 binaries/rdsclose.o
                                         0x38 (size before relaxing)
 .eh_frame      0x000000000011fd8c       0x20 binaries/rdscomm.o
                                         0x38 (size before relaxing)
 .eh_frame      0x000000000011fdac       0x20 binaries/rdscontrol.o
                                         0x38 (size before relaxing)
 .eh_frame      0x000000000011fdcc       0x20 binaries/rdsinit.o
                                         0x38 (size before relaxing)
 .eh_frame      0x000000000011fdec       0x20 binaries/rdsopen.o
                                         0x38 (size before relaxing)
 .eh_frame      0x000000000011fe0c       0x1c binaries/rdsprocess.o
                                         0x34 (size before relaxing)
 .eh_frame      0x000000000011fe28       0x20 binaries/rdsread.o
                                         0x38 (size before relaxing)
 .eh_frame      0x000000000011fe48       0x20 binaries/rdswrite.o
                                         0x38 (size before relaxing)
 .eh_frame      0x000000000011fe68       0x20 binaries/ramclose.o
                                         0x38 (size before relaxing)
 .eh_frame      0x000000000011fe88       0x20 binaries/raminit.o
                                         0x38 (size before relaxing)
 .eh_frame      0x000000000011fea8       0x20 binaries/ramopen.o
                                         0x38 (size before relaxing)
 .eh_frame      0x000000000011fec8       0x20 binaries/ramread.o
                                         0x38 (size before relaxing)
 .eh_frame      0x000000000011fee8       0x20 binaries/ramwrite.o
                                         0x38 (size before relaxing)
 .eh_frame      0x000000000011ff08       0x20 binaries/lfdballoc.o
                                         0x38 (size before relaxing)
 .eh_frame      0x000000000011ff28       0x20 binaries/lfdbfree.o
                                         0x38 (size before relaxing)
 .eh_frame      0x000000000011ff48       0x20 binaries/lfflush.o
                                         0x38 (size before relaxing)
 .eh_frame      0x000000000011ff68       0x20 binaries/lfgetmode.o
                                         0x38 (size before relaxing)
 .eh_frame      0x000000000011ff88       0x20 binaries/lfiballoc.o
                                         0x38 (size before relaxing)
 .eh_frame      0x000000000011ffa8       0x20 binaries/lfibclear.o
                                         0x38 (size before relaxing)
 .eh_frame      0x000000000011ffc8       0x20 binaries/lfibget.o
                                         0x38 (size before relaxing)
 .eh_frame      0x000000000011ffe8       0x20 binaries/lfibput.o
                                         0x38 (size before relaxing)
 .eh_frame      0x0000000000120008       0x20 binaries/lflclose.o
                                         0x38 (size before relaxing)
 .eh_frame      0x0000000000120028       0x20 binaries/lflcontrol.o
                                         0x38 (size before relaxing)
 .eh_frame      0x0000000000120048       0x20 binaries/lflgetc.o
                                         0x38 (size before relaxing)
 .eh_frame      0x0000000000120068       0x20 binaries/lflinit.o
                                         0x38 (size before relaxing)
 .eh_frame      0x0000000000120088       0x20 binaries/lflputc.o
                                         0x38 (size before relaxing)
 .eh_frame      0x00000000001200a8       0x20 binaries/lflread.o
                                         0x38 (size before relaxing)
 .eh_frame      0x00000000001200c8       0x20 binaries/lflseek.o
                                         0x38 (size before relaxing)
 .eh_frame      0x00000000001200e8       0x20 binaries/lflwrite.o
                                         0x38 (size before relaxing)
 .eh_frame      0x0000000000120108       0x20 binaries/lfscheck.o
                                         0x38 (size before relaxing)
 .eh_frame      0x0000000000120128       0x20 binaries/lfsckfmt.o
                                         0x38 (size before relaxing)
 .eh_frame      0x0000000000120148       0x20 binaries/lfscreate.o
                                         0x38 (size before relaxing)
 .eh_frame      0x0000000000120168       0x20 binaries/lfsetup.o
                                         0x38 (size before relaxing)
 .eh_frame      0x0000000000120188       0x20 binaries/lfsinit.o
                                         0x38 (size before relaxing)
 .eh_frame      0x00000000001201a8       0x20 binaries/lfsopen.o
                                         0x38 (size before relaxing)
 .eh_frame      0x00000000001201c8       0x20 binaries/lftruncate.o
                                         0x38 (size before relaxing)
 .eh_frame      0x00000000001201e8       0x20 binaries/rflclose.o
                                         0x38 (size before relaxing)
 .eh_frame      0x0000000000120208       0x20 binaries/rflgetc.o
                                         0x38 (size before relaxing)
 .eh_frame      0x0000000000120228       0x20 binaries/rflinit.o
                                         0x38 (size before relaxing)
 .eh_frame      0x0000000000120248       0x20 binaries/rflputc.o
                                         0x38 (size before relaxing)
 .eh_frame      0x0000000000120268       0x20 binaries/rflread.o
                                         0x38 (size before relaxing)
 .eh_frame      0x0000000000120288       0x20 binaries/rflseek.o
                                         0x38 (size before relaxing)
 .eh_frame      0x00000000001202a8       0x20 binaries/rflwrite.o
                                         0x38 (size before relaxing)
 .eh_frame      0x00000000001202c8       0x20 binaries/rfscomm.o
                                         0x38 (size before relaxing)
 .eh_frame      0x00000000001202e8       0x20 binaries/rfscontrol.o
                                         0x38 (size before relaxing)
 .eh_frame      0x0000000000120308       0x20 binaries/rfsgetmode.o
                                         0x38 (size before relaxing)
 .eh_frame      0x0000000000120328       0x20 binaries/rfsinit.o
                                         0x38 (size before relaxing)
 .eh_frame      0x0000000000120348       0x20 binaries/rfsndmsg.o
                                         0x38 (size before relaxing)
 .eh_frame      0x0000000000120368       0x20 binaries/rfsopen.o
                                         0x38 (size before relaxing)
 .eh_frame      0x0000000000120388       0xc0 binaries/arp.o
                                         0xd8 (size before relaxing)
 .eh_frame      0x0000000000120448       0xa0 binaries/dhcp.o
                                         0xb8 (size before relaxing)
 .eh_frame      0x00000000001204e8       0x80 binaries/dns.o
                                         0x98 (size before relaxing)
 .eh_frame      0x0000000000120568       0x20 binaries/dot2ip.o
                                         0x38 (size before relaxing)
 .eh_frame      0x0000000000120588       0x40 binaries/hexdump.o
                                         0x58 (size before relaxing)
 .eh_frame      0x00000000001205c8      0x14c binaries/icmp.o
                                        0x164 (size before relaxing)
 .eh_frame      0x0000000000120714      0x11c binaries/ip.o
                                        0x134 (size before relaxing)
 .eh_frame      0x0000000000120830       0xa0 binaries/net.o
                                         0xb8 (size before relaxing)
 .eh_frame      0x00000000001208d0       0x60 binaries/pdump.o
                                         0x78 (size before relaxing)
 .eh_frame      0x0000000000120930       0x60 binaries/tftp.o
                                         0x78 (size before relaxing)
 .eh_frame      0x0000000000120990      0x140 binaries/udp.o
                                        0x158 (size before relaxing)
 .eh_frame      0x0000000000120ad0       0x20 binaries/addargs.o
                                         0x38 (size before relaxing)
 .eh_frame      0x0000000000120af0       0x20 binaries/lexan.o
                                         0x38 (size before relaxing)
 .eh_frame      0x0000000000120b10       0x20 binaries/shell.o
                                         0x38 (size before relaxing)
 .eh_frame      0x0000000000120b30       0x20 binaries/xsh_argecho.o
                                         0x38 (size before relaxing)
 .eh_frame      0x0000000000120b50       0x40 binaries/xsh_arp.o
                                         0x58 (size before relaxing)
 .eh_frame      0x0000000000120b90       0x20 binaries/xsh_cat.o
                                         0x38 (size before relaxing)
 .eh_frame      0x0000000000120bb0       0x20 binaries/xsh_clear.o
                                         0x38 (size before relaxing)
 .eh_frame      0x0000000000120bd0       0x20 binaries/xsh_date.o
                                         0x38 (size before relaxing)
 .eh_frame      0x0000000000120bf0       0x20 binaries/xsh_devdump.o
                                         0x38 (size before relaxing)
 .eh_frame      0x0000000000120c10       0x20 binaries/xsh_echo.o
                                         0x38 (size before relaxing)
 .eh_frame      0x0000000000120c30       0x20 binaries/xsh_exit.o
                                         0x38 (size before relaxing)
 .eh_frame      0x0000000000120c50       0x20 binaries/xsh_help.o
                                         0x38 (size before relaxing)
 .eh_frame      0x0000000000120c70       0x20 binaries/xsh_kill.o
                                         0x38 (size before relaxing)
 .eh_frame      0x0000000000120c90       0x40 binaries/xsh_memdump.o
                                         0x58 (size before relaxing)
 .eh_frame      0x0000000000120cd0       0x60 binaries/xsh_memstat.o
                                         0x78 (size before relaxing)
 .eh_frame      0x0000000000120d30       0x30 binaries/xsh_netinfo.o
                                         0x48 (size before relaxing)
 .eh_frame      0x0000000000120d60       0x24 binaries/xsh_ping.o
                                         0x3c (size before relaxing)
 .eh_frame      0x0000000000120d84       0x30 binaries/xsh_ps.o
                                         0x48 (size before relaxing)
 .eh_frame      0x0000000000120db4       0x20 binaries/xsh_sleep.o
                                         0x38 (size before relaxing)
 .eh_frame      0x0000000000120dd4       0x20 binaries/xsh_udpdump.o
                                         0x38 (size before relaxing)
 .eh_frame      0x0000000000120df4       0x30 binaries/xsh_udpecho.o
                                         0x48 (size before relaxing)
 .eh_frame      0x0000000000120e24       0x24 binaries/xsh_udpserver.o
                                         0x3c (size before relaxing)
 .eh_frame      0x0000000000120e48       0x20 binaries/xsh_uptime.o
                                         0x38 (size before relaxing)

.iplt           0x0000000000120e70        0x0
 .iplt          0x0000000000120e70        0x0 binaries/start.o

.rel.dyn        0x0000000000120e68        0x0
 .rel.iplt      0x0000000000120e68        0x0 binaries/start.o
 .rel.text      0x0000000000120e68        0x0 binaries/start.o
 .rel.data      0x0000000000120e68        0x0 binaries/start.o
 .rel.rodata    0x0000000000120e68        0x0 binaries/start.o

.data           0x0000000000120e80     0x1180
                0x0000000000120e80                data = ABSOLUTE (.)
 *(.data .data.*)
 .data          0x0000000000120e80      0x460 binaries/start.o
                0x0000000000120e80                gdt
                0x0000000000120ec0                gdtr
                0x0000000000120ec6                idt
                0x00000000001212c6                idtr
                0x00000000001212cc                cpudelay
                0x00000000001212d0                _bootdev
                0x00000000001212d4                _cyloffset
 .data          0x00000000001212e0       0x88 binaries/ascdate.o
                0x00000000001212e0                Date
 .data          0x0000000000121368        0x0 binaries/bufinit.o
 .data          0x0000000000121368        0x0 binaries/chprio.o
 .data          0x0000000000121368        0x4 binaries/clkhandler.o
 .data          0x000000000012136c        0x0 binaries/clkinit.o
 .data          0x000000000012136c        0x0 binaries/close.o
 *fill*         0x000000000012136c       0x14 
 .data          0x0000000000121380      0x5a0 binaries/conf.o
                0x0000000000121380                devtab
 .data          0x0000000000121920        0x0 binaries/control.o
 .data          0x0000000000121920        0x4 binaries/create.o
 *fill*         0x0000000000121924       0x1c 
 .data          0x0000000000121940       0x40 binaries/evec.o
                0x0000000000121940                inames
 .data          0x0000000000121980        0x0 binaries/execution.o
 .data          0x0000000000121980        0x0 binaries/exit.o
 .data          0x0000000000121980        0x0 binaries/fork.o
 .data          0x0000000000121980        0x0 binaries/freebuf.o
 .data          0x0000000000121980        0x0 binaries/freemem.o
 .data          0x0000000000121980        0x0 binaries/getbuf.o
 .data          0x0000000000121980        0x0 binaries/getc.o
 .data          0x0000000000121980        0x0 binaries/getdev.o
 .data          0x0000000000121980        0x0 binaries/getitem.o
 .data          0x0000000000121980        0x0 binaries/getmem.o
 .data          0x0000000000121980        0x0 binaries/getpid.o
 .data          0x0000000000121980        0x0 binaries/getprio.o
 .data          0x0000000000121980        0x0 binaries/getstk.o
 .data          0x0000000000121980        0x0 binaries/getticks.o
 .data          0x0000000000121980        0x0 binaries/gettime.o
 .data          0x0000000000121980        0x0 binaries/getutime.o
 .data          0x0000000000121980       0x40 binaries/i386.o
                0x0000000000121980                gdt_copy
 .data          0x00000000001219c0        0x0 binaries/init.o
 .data          0x00000000001219c0        0x0 binaries/initialize.o
 .data          0x00000000001219c0        0x0 binaries/insert.o
 .data          0x00000000001219c0        0x0 binaries/insertd.o
 .data          0x00000000001219c0        0x0 binaries/ioerr.o
 .data          0x00000000001219c0        0x0 binaries/ionull.o
 .data          0x00000000001219c0        0x0 binaries/kill.o
 .data          0x00000000001219c0        0x0 binaries/kprintf.o
 .data          0x00000000001219c0        0x0 binaries/Lottery.o
 .data          0x00000000001219c0        0x0 binaries/main.o
 .data          0x00000000001219c0        0x0 binaries/mark.o
[...]
 .comment       0x000000000000001d       0x1e binaries/ip.o
 .comment       0x000000000000001d       0x1e binaries/net.o
 .comment       0x000000000000001d       0x1e binaries/pdump.o
 .comment       0x000000000000001d       0x1e binaries/tftp.o
 .comment       0x000000000000001d       0x1e binaries/udp.o
 .comment       0x000000000000001d       0x1e binaries/addargs.o
 .comment       0x000000000000001d       0x1e binaries/lexan.o
 .comment       0x000000000000001d       0x1e binaries/shell.o
 .comment       0x000000000000001d       0x1e binaries/xsh_argecho.o
 .comment       0x000000000000001d       0x1e binaries/xsh_arp.o
 .comment       0x000000000000001d       0x1e binaries/xsh_cat.o
 .comment       0x000000000000001d       0x1e binaries/xsh_clear.o
 .comment       0x000000000000001d       0x1e binaries/xsh_date.o
 .comment       0x000000000000001d       0x1e binaries/xsh_devdump.o
 .comment       0x000000000000001d       0x1e binaries/xsh_echo.o
 .comment       0x000000000000001d       0x1e binaries/xsh_exit.o
 .comment       0x000000000000001d       0x1e binaries/xsh_help.o
 .comment       0x000000000000001d       0x1e binaries/xsh_kill.o
 .comment       0x000000000000001d       0x1e binaries/xsh_memdump.o
 .comment       0x000000000000001d       0x1e binaries/xsh_memstat.o
 .comment       0x000000000000001d       0x1e binaries/xsh_netinfo.o
 .comment       0x000000000000001d       0x1e binaries/xsh_ping.o
 .comment       0x000000000000001d       0x1e binaries/xsh_ps.o
 .comment       0x000000000000001d       0x1e binaries/xsh_sleep.o
 .comment       0x000000000000001d       0x1e binaries/xsh_udpdump.o
 .comment       0x000000000000001d       0x1e binaries/xsh_udpecho.o
 .comment       0x000000000000001d       0x1e binaries/xsh_udpserver.o
 .comment       0x000000000000001d       0x1e binaries/xsh_uptime.o

.note.GNU-stack
                0x0000000000000000        0x0
 .note.GNU-stack
                0x0000000000000000        0x0 binaries/ascdate.o
 .note.GNU-stack
                0x0000000000000000        0x0 binaries/bufinit.o
 .note.GNU-stack
                0x0000000000000000        0x0 binaries/chprio.o
 .note.GNU-stack
                0x0000000000000000        0x0 binaries/clkhandler.o
 .note.GNU-stack
                0x0000000000000000        0x0 binaries/clkinit.o
 .note.GNU-stack
                0x0000000000000000        0x0 binaries/close.o
 .note.GNU-stack
                0x0000000000000000        0x0 binaries/conf.o
 .note.GNU-stack
                0x0000000000000000        0x0 binaries/control.o
 .note.GNU-stack
                0x0000000000000000        0x0 binaries/create.o
 .note.GNU-stack
                0x0000000000000000        0x0 binaries/evec.o
 .note.GNU-stack
                0x0000000000000000        0x0 binaries/execution.o
 .note.GNU-stack
                0x0000000000000000        0x0 binaries/exit.o
 .note.GNU-stack
                0x0000000000000000        0x0 binaries/fork.o
 .note.GNU-stack
                0x0000000000000000        0x0 binaries/freebuf.o
 .note.GNU-stack
                0x0000000000000000        0x0 binaries/freemem.o
 .note.GNU-stack
                0x0000000000000000        0x0 binaries/getbuf.o
 .note.GNU-stack
                0x0000000000000000        0x0 binaries/getc.o
 .note.GNU-stack
                0x0000000000000000        0x0 binaries/getdev.o
 .note.GNU-stack
                0x0000000000000000        0x0 binaries/getitem.o
 .note.GNU-stack
                0x0000000000000000        0x0 binaries/getmem.o
 .note.GNU-stack
                0x0000000000000000        0x0 binaries/getpid.o
 .note.GNU-stack
                0x0000000000000000        0x0 binaries/getprio.o
 .note.GNU-stack
                0x0000000000000000        0x0 binaries/getstk.o
 .note.GNU-stack
                0x0000000000000000        0x0 binaries/getticks.o
 .note.GNU-stack
                0x0000000000000000        0x0 binaries/gettime.o
 .note.GNU-stack
                0x0000000000000000        0x0 binaries/getutime.o
 .note.GNU-stack
                0x0000000000000000        0x0 binaries/i386.o
 .note.GNU-stack
                0x0000000000000000        0x0 binaries/init.o
 .note.GNU-stack
                0x0000000000000000        0x0 binaries/initialize.o
 .note.GNU-stack
                0x0000000000000000        0x0 binaries/insert.o
 .note.GNU-stack
                0x0000000000000000        0x0 binaries/insertd.o
 .note.GNU-stack
                0x0000000000000000        0x0 binaries/ioerr.o
 .note.GNU-stack
                0x0000000000000000        0x0 binaries/ionull.o
 .note.GNU-stack
                0x0000000000000000        0x0 binaries/kill.o
 .note.GNU-stack
                0x0000000000000000        0x0 binaries/kprintf.o
 .note.GNU-stack
                0x0000000000000000        0x0 binaries/Lottery.o
 .note.GNU-stack
                0x0000000000000000        0x0 binaries/main.o
 .note.GNU-stack
                0x0000000000000000        0x0 binaries/mark.o
 .note.GNU-stack
                0x0000000000000000        0x0 binaries/meminit.o
 .note.GNU-stack
                0x0000000000000000        0x0 binaries/mkbufpool.o
 .note.GNU-stack
                0x0000000000000000        0x0 binaries/newqueue.o
 .note.GNU-stack
                0x0000000000000000        0x0 binaries/open.o
 .note.GNU-stack
                0x0000000000000000        0x0 binaries/panic.o
 .note.GNU-stack
                0x0000000000000000        0x0 binaries/pci.o
 .note.GNU-stack
                0x0000000000000000        0x0 binaries/pr_status_syscall_summary.o
 .note.GNU-stack
                0x0000000000000000        0x0 binaries/ptclear.o
 .note.GNU-stack
                0x0000000000000000        0x0 binaries/ptcount.o
 .note.GNU-stack
                0x0000000000000000        0x0 binaries/ptcreate.o
 .note.GNU-stack
                0x0000000000000000        0x0 binaries/ptdelete.o
 .note.GNU-stack
                0x0000000000000000        0x0 binaries/ptinit.o
 .note.GNU-stack
                0x0000000000000000        0x0 binaries/ptrecv.o
 .note.GNU-stack
                0x0000000000000000        0x0 binaries/ptreset.o
 .note.GNU-stack
                0x0000000000000000        0x0 binaries/ptsend.o
 .note.GNU-stack
                0x0000000000000000        0x0 binaries/putc.o
 .note.GNU-stack
                0x0000000000000000        0x0 binaries/queue.o
 .note.GNU-stack
                0x0000000000000000        0x0 binaries/read.o
 .note.GNU-stack
                0x0000000000000000        0x0 binaries/ready.o
 .note.GNU-stack
                0x0000000000000000        0x0 binaries/receive.o
 .note.GNU-stack
                0x0000000000000000        0x0 binaries/recvclr.o
 .note.GNU-stack
                0x0000000000000000        0x0 binaries/recvtime.o
 .note.GNU-stack
                0x0000000000000000        0x0 binaries/resched.o
 .note.GNU-stack
                0x0000000000000000        0x0 binaries/resume.o
 .note.GNU-stack
                0x0000000000000000        0x0 binaries/seek.o
 .note.GNU-stack
                0x0000000000000000        0x0 binaries/semcount.o
 .note.GNU-stack
                0x0000000000000000        0x0 binaries/semcreate.o
 .note.GNU-stack
                0x0000000000000000        0x0 binaries/semdelete.o
 .note.GNU-stack
                0x0000000000000000        0x0 binaries/semreset.o
 .note.GNU-stack
                0x0000000000000000        0x0 binaries/send.o
 .note.GNU-stack
                0x0000000000000000        0x0 binaries/signal.o
 .note.GNU-stack
                0x0000000000000000        0x0 binaries/signaln.o
 .note.GNU-stack
                0x0000000000000000        0x0 binaries/sleep.o
 .note.GNU-stack
                0x0000000000000000        0x0 binaries/stacktrace.o
 .note.GNU-stack
                0x0000000000000000        0x0 binaries/suspend.o
 .note.GNU-stack
                0x0000000000000000        0x0 binaries/unsleep.o
 .note.GNU-stack
                0x0000000000000000        0x0 binaries/userret.o
 .note.GNU-stack
                0x0000000000000000        0x0 binaries/wait.o
 .note.GNU-stack
                0x0000000000000000        0x0 binaries/wakeup.o
 .note.GNU-stack
                0x0000000000000000        0x0 binaries/write.o
 .note.GNU-stack
                0x0000000000000000        0x0 binaries/xdone.o
 .note.GNU-stack
                0x0000000000000000        0x0 binaries/yield.o
 .note.GNU-stack
                0x0000000000000000        0x0 binaries/abs.o
 .note.GNU-stack
                0x0000000000000000        0x0 binaries/atoi.o
 .note.GNU-stack
                0x0000000000000000        0x0 binaries/atol.o
 .note.GNU-stack
                0x0000000000000000        0x0 binaries/bzero.o
 .note.GNU-stack
                0x0000000000000000        0x0 binaries/ctype_.o
 .note.GNU-stack
                0x0000000000000000        0x0 binaries/doprnt.o
 .note.GNU-stack
                0x0000000000000000        0x0 binaries/doscan.o
 .note.GNU-stack
                0x0000000000000000        0x0 binaries/fdoprnt.o
 .note.GNU-stack
                0x0000000000000000        0x0 binaries/fgetc.o
 .note.GNU-stack
                0x0000000000000000        0x0 binaries/fgets.o
 .note.GNU-stack
                0x0000000000000000        0x0 binaries/fprintf.o
 .note.GNU-stack
                0x0000000000000000        0x0 binaries/fputc.o
 .note.GNU-stack
                0x0000000000000000        0x0 binaries/fputs.o
 .note.GNU-stack
                0x0000000000000000        0x0 binaries/fscanf.o
 .note.GNU-stack
                0x0000000000000000        0x0 binaries/getchar.o
 .note.GNU-stack
                0x0000000000000000        0x0 binaries/labs.o
 .note.GNU-stack
                0x0000000000000000        0x0 binaries/memchr.o
 .note.GNU-stack
                0x0000000000000000        0x0 binaries/memcmp.o
 .note.GNU-stack
                0x0000000000000000        0x0 binaries/memcpy.o
 .note.GNU-stack
                0x0000000000000000        0x0 binaries/memset.o
 .note.GNU-stack
                0x0000000000000000        0x0 binaries/printf.o
 .note.GNU-stack
                0x0000000000000000        0x0 binaries/putchar.o
 .note.GNU-stack
                0x0000000000000000        0x0 binaries/qsort.o
 .note.GNU-stack
                0x0000000000000000        0x0 binaries/rand.o
 .note.GNU-stack
                0x0000000000000000        0x0 binaries/sprintf.o
 .note.GNU-stack
                0x0000000000000000        0x0 binaries/sscanf.o
 .note.GNU-stack
                0x0000000000000000        0x0 binaries/strchr.o
 .note.GNU-stack
                0x0000000000000000        0x0 binaries/strcmp.o
 .note.GNU-stack
                0x0000000000000000        0x0 binaries/strcpy.o
 .note.GNU-stack
                0x0000000000000000        0x0 binaries/strlen.o
 .note.GNU-stack
                0x0000000000000000        0x0 binaries/strncat.o
 .note.GNU-stack
                0x0000000000000000        0x0 binaries/strncmp.o
 .note.GNU-stack
                0x0000000000000000        0x0 binaries/strncpy.o
 .note.GNU-stack
                0x0000000000000000        0x0 binaries/strnlen.o
 .note.GNU-stack
                0x0000000000000000        0x0 binaries/strrchr.o
 .note.GNU-stack
                0x0000000000000000        0x0 binaries/strstr.o
 .note.GNU-stack
                0x0000000000000000        0x0 binaries/ttycontrol.o
 .note.GNU-stack
                0x0000000000000000        0x0 binaries/ttygetc.o
 .note.GNU-stack
                0x0000000000000000        0x0 binaries/ttyhandle_in.o
 .note.GNU-stack
                0x0000000000000000        0x0 binaries/ttyhandle_out.o
 .note.GNU-stack
                0x0000000000000000        0x0 binaries/ttyhandler.o
 .note.GNU-stack
                0x0000000000000000        0x0 binaries/ttyinit.o
 .note.GNU-stack
                0x0000000000000000        0x0 binaries/ttykickout.o
 .note.GNU-stack
                0x0000000000000000        0x0 binaries/ttyputc.o
 .note.GNU-stack
                0x0000000000000000        0x0 binaries/ttyread.o
 .note.GNU-stack
                0x0000000000000000        0x0 binaries/ttywrite.o
 .note.GNU-stack
                0x0000000000000000        0x0 binaries/mount.o
 .note.GNU-stack
                0x0000000000000000        0x0 binaries/naminit.o
 .note.GNU-stack
                0x0000000000000000        0x0 binaries/nammap.o
 .note.GNU-stack
                0x0000000000000000        0x0 binaries/namopen.o
 .note.GNU-stack
                0x0000000000000000        0x0 binaries/82545EMInit.o
 .note.GNU-stack
                0x0000000000000000        0x0 binaries/ethcontrol.o
 .note.GNU-stack
                0x0000000000000000        0x0 binaries/ethhandler.o
 .note.GNU-stack
                0x0000000000000000        0x0 binaries/ethinit.o
 .note.GNU-stack
                0x0000000000000000        0x0 binaries/ethread.o
 .note.GNU-stack
                0x0000000000000000        0x0 binaries/ethwrite.o
 .note.GNU-stack
                0x0000000000000000        0x0 binaries/rdsbufalloc.o
 .note.GNU-stack
                0x0000000000000000        0x0 binaries/rdsclose.o
 .note.GNU-stack
                0x0000000000000000        0x0 binaries/rdscomm.o
 .note.GNU-stack
                0x0000000000000000        0x0 binaries/rdscontrol.o
 .note.GNU-stack
                0x0000000000000000        0x0 binaries/rdsinit.o
 .note.GNU-stack
                0x0000000000000000        0x0 binaries/rdsopen.o
 .note.GNU-stack
                0x0000000000000000        0x0 binaries/rdsprocess.o
 .note.GNU-stack
                0x0000000000000000        0x0 binaries/rdsread.o
 .note.GNU-stack
                0x0000000000000000        0x0 binaries/rdswrite.o
 .note.GNU-stack
                0x0000000000000000        0x0 binaries/ramclose.o
 .note.GNU-stack
                0x0000000000000000        0x0 binaries/raminit.o
 .note.GNU-stack
                0x0000000000000000        0x0 binaries/ramopen.o
 .note.GNU-stack
                0x0000000000000000        0x0 binaries/ramread.o
 .note.GNU-stack
                0x0000000000000000        0x0 binaries/ramwrite.o
 .note.GNU-stack
                0x0000000000000000        0x0 binaries/lfdballoc.o
 .note.GNU-stack
                0x0000000000000000        0x0 binaries/lfdbfree.o
 .note.GNU-stack
                0x0000000000000000        0x0 binaries/lfflush.o
 .note.GNU-stack
                0x0000000000000000        0x0 binaries/lfgetmode.o
 .note.GNU-stack
                0x0000000000000000        0x0 binaries/lfiballoc.o
 .note.GNU-stack
                0x0000000000000000        0x0 binaries/lfibclear.o
 .note.GNU-stack
                0x0000000000000000        0x0 binaries/lfibget.o
 .note.GNU-stack
                0x0000000000000000        0x0 binaries/lfibput.o
 .note.GNU-stack
                0x0000000000000000        0x0 binaries/lflclose.o
 .note.GNU-stack
                0x0000000000000000        0x0 binaries/lflcontrol.o
 .note.GNU-stack
                0x0000000000000000        0x0 binaries/lflgetc.o
 .note.GNU-stack
                0x0000000000000000        0x0 binaries/lflinit.o
 .note.GNU-stack
                0x0000000000000000        0x0 binaries/lflputc.o
 .note.GNU-stack
                0x0000000000000000        0x0 binaries/lflread.o
 .note.GNU-stack
                0x0000000000000000        0x0 binaries/lflseek.o
 .note.GNU-stack
                0x0000000000000000        0x0 binaries/lflwrite.o
 .note.GNU-stack
                0x0000000000000000        0x0 binaries/lfscheck.o
 .note.GNU-stack
                0x0000000000000000        0x0 binaries/lfsckfmt.o
 .note.GNU-stack
                0x0000000000000000        0x0 binaries/lfscreate.o
 .note.GNU-stack
                0x0000000000000000        0x0 binaries/lfsetup.o
 .note.GNU-stack
                0x0000000000000000        0x0 binaries/lfsinit.o
 .note.GNU-stack
                0x0000000000000000        0x0 binaries/lfsopen.o
 .note.GNU-stack
                0x0000000000000000        0x0 binaries/lftruncate.o
 .note.GNU-stack
                0x0000000000000000        0x0 binaries/rflclose.o
 .note.GNU-stack
                0x0000000000000000        0x0 binaries/rflgetc.o
 .note.GNU-stack
                0x0000000000000000        0x0 binaries/rflinit.o
 .note.GNU-stack
                0x0000000000000000        0x0 binaries/rflputc.o
 .note.GNU-stack
                0x0000000000000000        0x0 binaries/rflread.o
 .note.GNU-stack
                0x0000000000000000        0x0 binaries/rflseek.o
 .note.GNU-stack
                0x0000000000000000        0x0 binaries/rflwrite.o
 .note.GNU-stack
                0x0000000000000000        0x0 binaries/rfscomm.o
 .note.GNU-stack
                0x0000000000000000        0x0 binaries/rfscontrol.o
 .note.GNU-stack
                0x0000000000000000        0x0 binaries/rfsgetmode.o
 .note.GNU-stack
                0x0000000000000000        0x0 binaries/rfsinit.o
 .note.GNU-stack
                0x0000000000000000        0x0 binaries/rfsndmsg.o
 .note.GNU-stack
                0x0000000000000000        0x0 binaries/rfsopen.o
 .note.GNU-stack
                0x0000000000000000        0x0 binaries/arp.o
 .note.GNU-stack
                0x0000000000000000        0x0 binaries/dhcp.o
 .note.GNU-stack
                0x0000000000000000        0x0 binaries/dns.o
 .note.GNU-stack
                0x0000000000000000        0x0 binaries/dot2ip.o
 .note.GNU-stack
                0x0000000000000000        0x0 binaries/hexdump.o
 .note.GNU-stack
                0x0000000000000000        0x0 binaries/icmp.o
 .note.GNU-stack
                0x0000000000000000        0x0 binaries/ip.o
 .note.GNU-stack
                0x0000000000000000        0x0 binaries/net.o
 .note.GNU-stack
                0x0000000000000000        0x0 binaries/pdump.o
 .note.GNU-stack
                0x0000000000000000        0x0 binaries/tftp.o
 .note.GNU-stack
                0x0000000000000000        0x0 binaries/udp.o
 .note.GNU-stack
                0x0000000000000000        0x0 binaries/addargs.o
 .note.GNU-stack
                0x0000000000000000        0x0 binaries/lexan.o
 .note.GNU-stack
                0x0000000000000000        0x0 binaries/shell.o
 .note.GNU-stack
                0x0000000000000000        0x0 binaries/xsh_argecho.o
 .note.GNU-stack
                0x0000000000000000        0x0 binaries/xsh_arp.o
 .note.GNU-stack
                0x0000000000000000        0x0 binaries/xsh_cat.o
 .note.GNU-stack
                0x0000000000000000        0x0 binaries/xsh_clear.o
 .note.GNU-stack
                0x0000000000000000        0x0 binaries/xsh_date.o
 .note.GNU-stack
                0x0000000000000000        0x0 binaries/xsh_devdump.o
 .note.GNU-stack
                0x0000000000000000        0x0 binaries/xsh_echo.o
 .note.GNU-stack
                0x0000000000000000        0x0 binaries/xsh_exit.o
 .note.GNU-stack
                0x0000000000000000        0x0 binaries/xsh_help.o
 .note.GNU-stack
                0x0000000000000000        0x0 binaries/xsh_kill.o
 .note.GNU-stack
                0x0000000000000000        0x0 binaries/xsh_memdump.o
 .note.GNU-stack
                0x0000000000000000        0x0 binaries/xsh_memstat.o
 .note.GNU-stack
                0x0000000000000000        0x0 binaries/xsh_netinfo.o
 .note.GNU-stack
                0x0000000000000000        0x0 binaries/xsh_ping.o
 .note.GNU-stack
                0x0000000000000000        0x0 binaries/xsh_ps.o
 .note.GNU-stack
                0x0000000000000000        0x0 binaries/xsh_sleep.o
 .note.GNU-stack
                0x0000000000000000        0x0 binaries/xsh_udpdump.o
 .note.GNU-stack
                0x0000000000000000        0x0 binaries/xsh_udpecho.o
 .note.GNU-stack
                0x0000000000000000        0x0 binaries/xsh_udpserver.o
 .note.GNU-stack
                0x0000000000000000        0x0 binaries/xsh_uptime.o
